// Jest Snapshot v1, https://goo.gl/fbAQLP

exports[`HelloWorld.vue w snapshot 1`] = `
<div
  class="hello"
>
  <h1>
    Hola Vue
  </h1>
   
  <ul>
    <li>
      <a
        href="#"
        target="_blank"
      >
        
        Esto es un Link :) 
      
      </a>
    </li>
  </ul>
</div>
`;
